// Jest Snapshot v1, https://goo.gl/fbAQLP

exports[`snapshot test should render TodoApp component correctly 1`] = `ShallowWrapper {}`;
